border_size=1
usage=map

Gs     , Gs     , Re     , Re     , Gs     , Gs     , Re     , Gs     , Gs     , Re     , Re     , Gg     , Gs^Fds , Re     , Gs^Fds , Gs^Fds , Gs^Fds , Gs^Fds , Gs^Fds , Gs^Fds , Gg     , Gs^Fds , Gs^Fds , Gs^Fds , Gg^Fds , Ww     , Ww     , Gg^Fds , Gs^Fds , Gs^Fds , Gs^Fds
Re     , Re     , Ce     , Re     , Re     , Re     , Re     , Re     , Re     , Re     , Re     , Gs^Fds , Gs^Fds , Gs^Fds , Re     , Gs^Fds , Gs^Fds , Gs^Fds , Gs^Fds , Gs^Fds , Gs^Fds , Gs^Fds , Gg^Fds , Gg^Fds , Ww     , Ww     , Ww     , Gg^Fds , Gg^Fds , Gs^Fds , Gs^Fds
Gs^Es  , Gll^Vo , Ce     , Ce     , Ce     , Gd     , Re     , Re     , Re     , Gs^Fds , Gs^Fds , Re     , Re     , Re     , Gs^Fds , Re     , Re     , Gs^Fds , Gll^Vo , Gs^Fds , Gs^Fds , Gs^Fds , Gs^Fds , Ww     , Ww     , Ww     , Gg^Fds , Gg^Fds , Gs^Fds , Gs^Fds , Gs^Fds
Re     , Re     , Ce     , 2 Ke   , Ce     , Ce     , Re     , Re     , Re     , Gll^Vo , Re     , Re     , Re     , Gll^Fds, Re     , Re     , Gs^Fds , Re     , Re     , Gs^Fds , Gll^Fds, Gll^Fds, Wwf^Es , Ww     , Ww     , Gg^Fds , Gs^Fds , Gs^Fds , Gs^Fds , Gs^Fds , Gs^Fds
Re     , Gd     , Ce     , Ce     , Gs     , Re     , Re^Es  , Re     , Gs     , Re     , Re     , Gg^Fds , Gs^Fds , Re     , Gs^Fds , Re     , Re     , Re     , Gg^Fds , Gg^Fds , Re     , Re^Es  , Ww     , Wwf    , Gll    , Gg^Fds , Gs^Fds , Gs^Fds , Gg     , Gg     , Gs^Fds
Re     , Re     , Re     , Re     , Re     , Re     , Re     , Re     , Gd     , Gs^Fds , Gll    , Gg^Fds , Re     , Re     , Gs^Fds , Gll^Fds, Gs^Fds , Re     , Re     , Re     , Gg^Fds , Ww     , Ww     , Ww     , Gg^Fds , Gg^Fds , Gs^Fds , Gs^Fds , Gs^Fds , Gg     , Gs^Fds
Gs     , Gs     , Re     , Re     , Gs     , Gs     , Re     , Re     , Re     , Gs^Fds , Re     , Gs^Fds , Gg^Fds , Re     , Re     , Gll    , Gs^Fds , Gs^Fds , Gg^Fds , Gg^Fds , Ww     , Ww     , Ww     , Gg     , Gs^Fds , Gs^Fds , Gs^Fds , Gs^Fds , Gs^Fds , Gs^Fds , Gs^Fds
Gs     , Gs     , Re     , Re     , Re     , Re     , Re     , Gll^Fds, Gll^Vo , Re     , Gs^Fds , Re     , Re     , Re     , Re     , Gs^Fds , Gs^Fds , Gs^Fds , Gs^Vo  , Gg^Fds , Ww     , Ww     , Gg^Fds , Gg^Fds , Gs^Fds , Gs^Fds , Gs^Fds , Gg^Ve  , Gs^Fds , Gs^Fds , Gs^Fds
Gs     , Re^Es  , Re     , Gs^Efm , Gs^Vo  , Re     , Gs     , Gs     , Re     , Re     , Re     , Re     , Gs^Fds , Gs^Fds , Re     , Re     , Re     , Re     , Rb     , Ww     , Ww     , Ww     , Gg^Fds , Gs^Fds , Gs^Fds , Gs^Fds , Gs^Fds , Gs^Fds , Gs^Fds , Gs^Fds , Gs^Fds
Gs     , Re     , Gs     , Re     , Re     , Re     , Re     , Re     , Re     , Re     , Re^Es  , Re     , Re     , Re     , Gs^Vo  , Gg^Fds , Gs^Fds , Gg^Fds , Ww     , Wwf    , Wwf    , Gg^Fds , Gg^Fds , Gs^Fds , Gs^Fds , Gs^Fds , Gg^Efm , Gg^Efm , Gg^Efm , Gs^Fds , Gs^Fds
Gs     , Gs     , Gs     , Re     , Gs     , Gs     , Gs^Fds , Gg^Fds , Gll    , Gs^Fds , Gs^Fds , Gs^Fds , Gll    , Gs^Fds , Gg^Fds , Gs^Fds , Gs^Fds , Gg^Fds , Ww     , Ww     , Gs     , Gll    , Gg^Fds , Gs^Fds , Gs^Fds , Gg^Efm , Gg^Efm , Gs^Fds , Gg^Efm , Gg^Efm , Gs^Fds
Gs     , Gg     , Gs     , Gs     , Gs     , Gg     , Gs^Fds , Gg^Fds , Gg^Fds , Gs^Vo  , Gs^Fds , Gg^Fds , Gg^Fds , Gll    , Gg^Fds , Gs^Fds , Gg^Fds , Gg^Fds , Ww     , Ww     , Gg^Fds , Gg^Fds , Gs^Fds , Gs^Fds , Gs^Fds , Gs^Fds , Gg^Efm , Gg^Efm , Gg^Efm , Gs^Fds , Gs^Fds
Gg     , Gg     , Gg     , Gg     , Gg     , Gs^Fds , Gs^Fds , Gs^Fds , Gs^Fds , Gs^Fds , Gs^Fds , Gs^Fds , Gs^Fds , Gg^Fds , Gs^Fds , Gg^Fds , Ww     , Ww     , Ww     , Ww     , Ss     , Gs^Fds , Gs^Fds , Gs^Fds , Gs^Fds , Gs^Fds , Gs^Fds , Gs^Fds , Gs^Fds , Gs^Fds , Gs^Fds
Gg     , Gs     , Gg     , Gg     , Gg     , Gs^Fds , Gg     , Gs^Fds , Gs^Fds , Gs^Fds , Gs^Fds , Gs^Fds , Gg     , Gs^Fds , Gs^Fds , Gg^Fds , Ww     , Ww     , Ss     , Ss     , Ss     , Gs^Fds , Gs^Fds , Gs^Fds , Gs^Fds , Gs^Fds , Gs^Fds , Gs^Fds , Gs^Fds , Gs^Fds , Gs^Fds
Gg     , Gg     , Gg     , Gg^Vo  , Gg     , Gs^Fds , Gg     , Gs^Fds , Gs^Fds , Gs^Fds , Gs^Fds , Gs^Fds , Gs^Fds , Gg     , Gs^Fds , Gg^Fds , Ww     , Ww     , Ww     , Ss     , Ww     , Ss     , Gs^Fds , Gs^Fds , Gs^Fds , Gs^Fds , Gs^Fds , Gs^Fds , Gs^Fds , Gs^Fds , Gg^Fet
Gg     , Gg     , Gg     , Gg     , Gg     , Gg     , Gs^Fds , Gs^Fds , Gs^Fds , Gs^Fds , Gg^Efm , Gs^Fds , Gs^Fds , Gs^Fds , Gs^Fds , Ww     , Ww     , Wo     , Ww     , Ww     , Ww     , Ww     , Ww     , Gs^Fds , Gs^Fds , Gg^Ve  , Gs^Fds , Gs^Fds , Gs^Fds , Gs^Fds , Gs^Fds
Gg     , Gg     , Gg^Efm , Gg     , Gg     , Gg     , Gs^Fds , Gs^Fds , Gg^Efm , Gs^Fds , Gs^Fds , Gs^Fds , Gs^Fds , Gs^Fds , Ww     , Ww     , Ww     , Wo     , Wo     , Wo     , Wo     , Ww     , Ww     , Ww     , Gs^Fds , Gs^Fds , Gs^Fds , Gs^Fds , Gs^Fds , Gs^Fds , Gs^Fds
Gg     , Gg     , Gg     , Gg     , Gg     , Gg     , Gg     , Gs^Fds , Gs^Fds , Gs^Fds , Gs^Fds , Gs^Fds , Gs^Fds , Gg     , Gg     , Ww     , Ww     , Ww     , Wo     , Wo     , Ww     , Ww     , Ww^Ewl , Ww     , Gs^Fds , Gs^Fds , Gs^Fds , Gs^Fds , Gs^Fds , Gg^Fet , Gs^Fds
Gg     , Gg     , Gg^Es  , Gg     , Gg     , Gg     , Gg     , Gs^Fds , Gs^Fds , Gs^Fds , Gg     , Gs^Fds , Gs^Fds , Gs^Fds , Gs^Fds , Ww     , Ww     , Ww     , Ww     , Wo     , Ww^Ewl , Ww^Ewl , Ss     , Gs^Fds , Gs^Fds , Gs^Fds , Gg^Fet , Gs^Fds , Gs^Fds , Gs^Fds , Gs^Fds
Gg     , Gg     , Gg     , Gg     , Gg     , Gg     , Gg^Efm , Gg     , Gg     , Gg     , Gs^Fds , Gg     , Gs^Fds , Gs^Fds , Gs^Fds , Gg^Vh  , Gg^Em  , Ww^Ewl , Gs^Fds , Ww     , Ww     , Ss     , Gs^Fds , Gs^Fds , Gs^Fds , Gs^Fds , Gs^Fds , Gs^Fds , Gs^Fds , Gs^Fds , Gs^Fds
Gg     , Gg     , Gg     , Gg^Efm , Gg     , Gg     , Gg     , Gg     , Gs^Fds , Gg     , Gg     , Gg     , Gg     , Gs^Fds , Gs^Fds , Gg     , Gg     , Ss     , Ss     , Ww     , Ww     , Ss     , Gs^Fds , Gs^Fds , Gs^Fds , Gs^Fds , Gs^Fds , Gs^Fds , Gg^Fds , Gs^Fds , Gs^Fds
Gg     , Gg     , Gg     , Gg     , Gg     , Gg     , Gg     , Gg     , Gs^Fds , Gs^Fds , Gg     , Gs^Fds , Gs^Fds , Gs^Fds , Gs^Fds , Gs^Fds , Gs^Fds , Gs^Fds , Ww     , Ww     , Ww     , Gs^Fds , Gs^Fds , Gs^Fds , Gs^Fds , Gs^Fds , Gg^Fet , Gs^Fds , Gg^Fds , Gg^Fet , Gg^Fds
Gg     , Gg     , Gg     , Gg     , Gg     , Gg     , Gs^Fds , Gg     , Gg     , Gg     , Gg     , Gs^Fds , Gs^Fds , Gg     , Gg     , Gs^Fds , Gg^Fds , Gg^Fds , Ww     , Ww     , Ss     , Ww     , Ww     , Gs^Fds , Gg^Ve  , Gs^Fds , Gg     , Gg     , Ww     , Gg^Fds , Gg^Fds
Gg     , Gg     , Gg     , Gg     , Gg     , Gg     , Gs^Fds , Gs^Fds , Gg     , Gs^Fds , Gs^Fds , Gg     , Gs^Fds , Gs^Fds , Gg     , Gs^Fds , Gg^Fds , Ww     , Ww     , Ww     , Ww     , Ww     , Gg^Fds , Ww     , Ww     , Gg     , Ww     , Ww     , Gg^Fet , Ww     , Ww
Gg     , Gg     , Gg^Efm , Gg     , Gg     , Gg^Es  , Gg     , Gg     , Gs^Fds , Gs^Fds , Gs^Fds , Gg     , Gg     , Gg     , Gg^Fds , Gg^Fds , Ww     , Ww     , Ww     , Gg^Fds , Gg^Fds , Gg^Fds , Gs^Fds , Gg^Fds , Gg^Fet , Ww     , Gg^Fds , Gg^Fds , Gs^Fds , Gg^Fds , Ww
Hh     , Gg     , Gg     , Gg^Vc  , Gg     , Gg     , Gg     , Gs^Fds , Gg     , Gs^Fds , Gg     , Gg     , Gs^Fds , Gs^Fds , Gg^Fds , Gg^Fds , Ww     , Ww     , Gg^Fds , Ww     , Gg^Fds , Gs^Fds , Gs^Fds , Gs^Fds , Gs^Fds , Gg^Fds , Gs^Fds , Gs^Fds , Gg^Fds , Gg^Fds , Gg^Fet
Hh     , Hh     , Hh     , Gg     , Gg     , Gg     , Gs^Fds , Gg     , Gg     , Gg     , Gg     , Gs^Fds , Gs^Fds , Gg     , Gg^Fds , Gg^Fds , Ww     , Ww     , Gg^Fds , Ww     , Ww     , Gg^Fds , Gg^Fds , Gg^Fet , Gs^Fds , Gg^Fet , Gg^Fds , Gs^Fds , Gs^Fds , Gs^Fds , Gs^Fds
Hh     , Hh     , Hh     , Gg     , Gg     , Gg     , Gs^Fds , Gs^Fds , Gs^Fds , Gs^Fds , Gg     , Gs^Fds , Gs^Fds , Gs^Fds , Gg^Fds , Ww     , Gg^Fds , Gg^Fds , Gs^Fds , Gg^Fds , Ww     , Gg^Ve  , Gg^Fds , Gg^Fds , Gg^Fds , Gg^Fds , Gs^Fds , Gg^Fet , Gs^Fds , Gs^Fds , Gs^Fds
Hh     , Hh     , Hh^Fds , Hh     , Hh     , Hh     , Gs^Fds , Gs^Fds , Gs^Fds , Gs^Fds , Gs^Fds , Gs^Fds , Gs^Fds , Gg^Fds , Ww     , Ww     , Gg^Fds , Gs^Fds , Gs^Fds , Gg^Fds , Ww     , Gg^Fds , Gg^Fds , Gs^Fds , Gg^Fds , Gs^Fds , Gs^Fds , Gs^Fds , Gs^Fds , Gs^Fds , Gg^Fet
Hh     , Hh^Fds , Hh^Fds , Hh     , Hh     , Hh     , Hh     , Hh     , Hh     , Hh     , Hh^Fds , Gs^Fds , Hh     , Gg^Fds , Ww     , Gg^Fds , Gs^Fds , Gs^Fds , Gg^Fds , Gg^Fds , Hh     , Ww     , Ww     , Gg^Fds , Gg^Fds , Gs^Fds , Gs^Fds , Gg^Fds , Gg^Fds , Gg^Fds , Gs^Fds
Hh     , Hh     , Hh     , Hh     , Hh     , Hh^Fds , Hh^Fds , Hh     , Hh     , Hh     , Hh     , Hh     , Ww     , Ww     , Hh     , Gg^Fds , Hh^Fds , Gg^Ve  , Gs^Fds , Hh^Fds , Hh     , Hh     , Hh     , Ww     , Hh     , Gs^Fds , Hh^Fds , Gs^Fds , Gg^Ve  , Gg^Fds , Gs^Fds
Hh     , Hh     , Hh     , Hh     , Hh^Fds , Hh^Fds , Hh^Fds , Hh     , 1 Hh   , Hh     , Ww     , Hh     , Ww     , Hh     , Hh     , Hh     , Hh     , Hh     , Hh     , Hh     , Hh^Fds , Hh^Fds , Hh     , Ww     , Ww     , Hh     , Hh     , Hh^Fds , Hh     , Gg^Fds , Hh^Fds
Hh     , Hh     , Hh^Vc  , Hh     , Hh     , Hh^Fds , Hh     , Hh     , Hh     , Ww     , Ww     , Ww     , Hh     , Hh     , Hh^Fds , Hh     , Hh^Fds , Hh^Fds , Hh^Fds , Hh     , Hh     , Hh     , Ww     , Ww     , Ww     , Hh     , Hh     , Hh     , Hh     , Hh     , Hh^Fds
Hh     , Hh     , Hh     , Hh     , Hh     , Hh     , Hh^Fds , Hh     , Hh^Fds , Ww     , Ww     , Ww     , Hh     , Hh^Vc  , Hh     , Hh     , Hh^Fds , Hh^Fds , Hh     , Hh     , Hh     , Hh     , Ww     , Ww     , Ww     , Ww     , Hh     , Hh     , Hh     , Hh^Fds , Hh
Hh     , Hh     , Hh     , Hh     , Hh     , Hh     , Hh     , Hh^Fds , Hh^Fds , Hh     , Hh     , Hh     , Hh     , Hh     , Hh     , Hh     , Hh     , Hh     , Hh     , Hh     , Hh     , Hh     , Hh     , Hh     , Hh     , Hh     , Hh     , Hh     , Hh     , Hh     , Hh
